---
source: crates/livraison/src/scripts/shell.rs
expression: script.into()
extension: sh
snapshot_kind: binary
---
